------------------------------------------------------------
TimeQuest Timing Analyzer Summary
------------------------------------------------------------

Type  : Slow 1000mV 85C Model Setup 'div_25:div25|Tff_A'
Slack : -3.913
TNS   : -171.530

Type  : Slow 1000mV 85C Model Setup 'Clk_in'
Slack : -1.822
TNS   : -10.902

Type  : Slow 1000mV 85C Model Setup 'div_5:div5|Tff_A'
Slack : -1.442
TNS   : -4.737

Type  : Slow 1000mV 85C Model Setup 'div_5:div5|A1'
Slack : -0.082
TNS   : -0.082

Type  : Slow 1000mV 85C Model Setup 'div_25:div25|A1'
Slack : -0.050
TNS   : -0.050

Type  : Slow 1000mV 85C Model Hold 'div_25:div25|Tff_A'
Slack : -1.631
TNS   : -17.638

Type  : Slow 1000mV 85C Model Hold 'div_5:div5|Tff_A'
Slack : -0.064
TNS   : -0.064

Type  : Slow 1000mV 85C Model Hold 'div_25:div25|A1'
Slack : -0.060
TNS   : -0.060

Type  : Slow 1000mV 85C Model Hold 'div_5:div5|A1'
Slack : -0.029
TNS   : -0.029

Type  : Slow 1000mV 85C Model Hold 'Clk_in'
Slack : 0.532
TNS   : 0.000

Type  : Slow 1000mV 85C Model Minimum Pulse Width 'Clk_in'
Slack : -3.000
TNS   : -17.104

Type  : Slow 1000mV 85C Model Minimum Pulse Width 'div_25:div25|Tff_A'
Slack : -1.763
TNS   : -142.803

Type  : Slow 1000mV 85C Model Minimum Pulse Width 'div_5:div5|Tff_A'
Slack : -1.763
TNS   : -8.815

Type  : Slow 1000mV 85C Model Minimum Pulse Width 'div_25:div25|A1'
Slack : -1.763
TNS   : -1.763

Type  : Slow 1000mV 85C Model Minimum Pulse Width 'div_5:div5|A1'
Slack : -1.763
TNS   : -1.763

Type  : Slow 1000mV 0C Model Setup 'div_25:div25|Tff_A'
Slack : -3.729
TNS   : -163.743

Type  : Slow 1000mV 0C Model Setup 'Clk_in'
Slack : -1.740
TNS   : -10.343

Type  : Slow 1000mV 0C Model Setup 'div_5:div5|Tff_A'
Slack : -1.367
TNS   : -4.441

Type  : Slow 1000mV 0C Model Setup 'div_5:div5|A1'
Slack : -0.057
TNS   : -0.057

Type  : Slow 1000mV 0C Model Setup 'div_25:div25|A1'
Slack : -0.026
TNS   : -0.026

Type  : Slow 1000mV 0C Model Hold 'div_25:div25|Tff_A'
Slack : -1.509
TNS   : -16.417

Type  : Slow 1000mV 0C Model Hold 'div_25:div25|A1'
Slack : -0.081
TNS   : -0.081

Type  : Slow 1000mV 0C Model Hold 'div_5:div5|Tff_A'
Slack : -0.055
TNS   : -0.055

Type  : Slow 1000mV 0C Model Hold 'div_5:div5|A1'
Slack : -0.049
TNS   : -0.049

Type  : Slow 1000mV 0C Model Hold 'Clk_in'
Slack : 0.521
TNS   : 0.000

Type  : Slow 1000mV 0C Model Minimum Pulse Width 'Clk_in'
Slack : -3.000
TNS   : -17.104

Type  : Slow 1000mV 0C Model Minimum Pulse Width 'div_25:div25|Tff_A'
Slack : -1.763
TNS   : -142.803

Type  : Slow 1000mV 0C Model Minimum Pulse Width 'div_5:div5|Tff_A'
Slack : -1.763
TNS   : -8.815

Type  : Slow 1000mV 0C Model Minimum Pulse Width 'div_25:div25|A1'
Slack : -1.763
TNS   : -1.763

Type  : Slow 1000mV 0C Model Minimum Pulse Width 'div_5:div5|A1'
Slack : -1.763
TNS   : -1.763

Type  : Fast 1000mV 0C Model Setup 'div_25:div25|Tff_A'
Slack : -1.834
TNS   : -64.340

Type  : Fast 1000mV 0C Model Setup 'Clk_in'
Slack : -0.559
TNS   : -2.558

Type  : Fast 1000mV 0C Model Setup 'div_5:div5|Tff_A'
Slack : -0.374
TNS   : -1.038

Type  : Fast 1000mV 0C Model Setup 'div_5:div5|A1'
Slack : 0.198
TNS   : 0.000

Type  : Fast 1000mV 0C Model Setup 'div_25:div25|A1'
Slack : 0.218
TNS   : 0.000

Type  : Fast 1000mV 0C Model Hold 'div_25:div25|Tff_A'
Slack : -1.010
TNS   : -11.136

Type  : Fast 1000mV 0C Model Hold 'div_5:div5|Tff_A'
Slack : -0.093
TNS   : -0.139

Type  : Fast 1000mV 0C Model Hold 'div_25:div25|A1'
Slack : -0.056
TNS   : -0.056

Type  : Fast 1000mV 0C Model Hold 'div_5:div5|A1'
Slack : -0.035
TNS   : -0.035

Type  : Fast 1000mV 0C Model Hold 'Clk_in'
Slack : 0.285
TNS   : 0.000

Type  : Fast 1000mV 0C Model Minimum Pulse Width 'Clk_in'
Slack : -3.000
TNS   : -17.104

Type  : Fast 1000mV 0C Model Minimum Pulse Width 'div_25:div25|Tff_A'
Slack : -1.763
TNS   : -142.803

Type  : Fast 1000mV 0C Model Minimum Pulse Width 'div_5:div5|Tff_A'
Slack : -1.763
TNS   : -8.815

Type  : Fast 1000mV 0C Model Minimum Pulse Width 'div_25:div25|A1'
Slack : -1.763
TNS   : -1.763

Type  : Fast 1000mV 0C Model Minimum Pulse Width 'div_5:div5|A1'
Slack : -1.763
TNS   : -1.763

------------------------------------------------------------
